// Jest Snapshot v1, https://goo.gl/fbAQLP

exports[`PokemonPicture debe de hacer match con el snapshoot 1`] = `<div class="pokemon-container"><img src="https://raw.githubusercontent.com/PokeAPI/sprites/master/sprites/pokemon/other/dream-world/1.svg" alt="pokemon" class="img-fluid img-hidden"></div>`;
