// Jest Snapshot v1, https://goo.gl/fbAQLP

exports[`Indecision Component debe hacer match con el snapshot 1`] = `
<!--v-if-->
<div class="bg-dark"></div>
<div class="content">
  <div class="container">
    <div class="row">
      <div class="col-12"><input type="text" class="form-control" placeholder="Hazme una pregunta">
        <p>Recuerda terminar con un signo de interrogaci√≥n (?)</p>
        <!--v-if-->
      </div>
    </div>
  </div>
</div>
`;
